usage: simulation_code_iter_0_alpha.py [-h] [--data_dir DATA_DIR]
                                       [--num_simulations NUM_SIMULATIONS]
                                       [--num_samples_posterior NUM_SAMPLES_POSTERIOR]
                                       [--sampling_timeout SAMPLING_TIMEOUT]
                                       [--results_dir RESULTS_DIR]
                                       [--demand_family {Poisson,NegBin,AR1}]
                                       [--train_file TRAIN_FILE]
                                       [--val_file VAL_FILE]
                                       [--test_file TEST_FILE]
                                       [--metadata_file METADATA_FILE]
                                       [--ood_lead_time OOD_LEAD_TIME]
                                       [--ood_demand_family {none,Poisson,NegBin,AR1}]
                                       [--ood_demand_params OOD_DEMAND_PARAMS]
                                       [--opt_method {auto,sbi,nelder-mead,random-search}]
                                       [--max_evals MAX_EVALS]
                                       [--n_samples_wass_mmd N_SAMPLES_WASS_MMD]
                                       [--mmd_sigma MMD_SIGMA] [--double-mc]
                                       [--mc-M MC_M] [--mc-K MC_K]
                                       [--use-alpha]
                                       [--alpha-params ALPHA_PARAMS]
                                       [--alpha-max-ratio ALPHA_MAX_RATIO]
                                       [--alpha-mode {additive,multiplicative}]
                                       [--run-gsa]
                                       [--gsa-method {morris,sobol,both}]
                                       [--gsa-num-samples GSA_NUM_SAMPLES]
                                       [--gsa-num-levels GSA_NUM_LEVELS]
                                       [--gsa-second-order]
                                       [--gsa-seed GSA_SEED]
                                       [--gsa-results-prefix GSA_RESULTS_PREFIX]
simulation_code_iter_0_alpha.py: error: unrecognized arguments: --test_start 49 --test_end 60
