usage: simulation_code_iter_0_alpha_improved_v2.py [-h] [--data_dir DATA_DIR]
                                                   [--train_file TRAIN_FILE]
                                                   [--val_file VAL_FILE]
                                                   [--test_file TEST_FILE]
                                                   [--param_file PARAM_FILE]
                                                   [--set OVERRIDES]
                                                   [--calibrator {logit_head,random_search,snpe}]
                                                   [--calib-config CALIB_CONFIG]
                                                   [--budget BUDGET]
                                                   [--calib-window CALIB_WINDOW]
                                                   [--results_dir RESULTS_DIR]
                                                   [--seed SEED] [--double-mc]
                                                   [--mc-M MC_M] [--mc-K MC_K]
                                                   [--use-data-actions]
                                                   [--ood-lead-time OOD_LEAD_TIME]
                                                   [--alpha-noise]
                                                   [--alpha-inv ALPHA_INV]
                                                   [--alpha-bklg ALPHA_BKLG]
                                                   [--gsa]
                                                   [--gsa-samples GSA_SAMPLES]
simulation_code_iter_0_alpha_improved_v2.py: error: unrecognized arguments: --num-simulations 1000
