/Users/miaoji.norman/Desktop/SOCIA/output/supply/simulation_code_iter_0_alpha_improved_v2.py:2768: UserWarning: Parameter file not found: /Users/miaoji.norman/Desktop/SOCIA/data_fitting/supply_data/parameters.json. Using defaults.
  warnings.warn(f"Parameter file not found: {param_path}. Using defaults.")
  0%|          | 0/1000 [00:00<?, ?it/s]/Users/miaoji.norman/Desktop/SOCIA/GSIM/lib/python3.10/site-packages/numpy/lib/_function_base_impl.py:3045: RuntimeWarning: invalid value encountered in divide
  c /= stddev[:, None]
/Users/miaoji.norman/Desktop/SOCIA/GSIM/lib/python3.10/site-packages/numpy/lib/_function_base_impl.py:3046: RuntimeWarning: invalid value encountered in divide
  c /= stddev[None, :]
 11%|█         | 111/1000 [00:00<00:00, 1107.58it/s] 23%|██▎       | 227/1000 [00:00<00:00, 1136.55it/s] 34%|███▍      | 343/1000 [00:00<00:00, 1143.21it/s] 46%|████▌     | 459/1000 [00:00<00:00, 1145.89it/s] 57%|█████▋    | 574/1000 [00:00<00:00, 1147.00it/s] 69%|██████▉   | 691/1000 [00:00<00:00, 1153.26it/s] 81%|████████  | 807/1000 [00:00<00:00, 1154.12it/s] 92%|█████████▏| 923/1000 [00:00<00:00, 1152.26it/s]100%|██████████| 1000/1000 [00:00<00:00, 1148.20it/s]
/Users/miaoji.norman/Desktop/SOCIA/GSIM/lib/python3.10/site-packages/sbi/utils/sbiutils.py:66: UserWarning: std(): degrees of freedom is <= 0. Correction should be strictly less than the reduction factor (input numel divided by output numel). (Triggered internally at /Users/runner/work/pytorch/pytorch/pytorch/aten/src/ATen/native/ReduceOps.cpp:1823.)
  zx = (x - x.mean(0)) / x.std(0)
Traceback (most recent call last):
  File "/Users/miaoji.norman/Desktop/SOCIA/output/supply/simulation_code_iter_0_alpha_improved_v2.py", line 3105, in <module>
    main()
  File "/Users/miaoji.norman/Desktop/SOCIA/output/supply/simulation_code_iter_0_alpha_improved_v2.py", line 3038, in main
    fitted = calibrator.fit(
  File "/Users/miaoji.norman/Desktop/SOCIA/output/supply/simulation_code_iter_0_alpha_improved_v2.py", line 957, in fit
    density_estimator = inf.append_simulations(theta, x).train()
  File "/Users/miaoji.norman/Desktop/SOCIA/GSIM/lib/python3.10/site-packages/sbi/inference/trainers/npe/npe_c.py", line 203, in train
    return super().train(**kwargs)
  File "/Users/miaoji.norman/Desktop/SOCIA/GSIM/lib/python3.10/site-packages/sbi/inference/trainers/npe/npe_base.py", line 329, in train
    train_loader, val_loader = self.get_dataloaders(
  File "/Users/miaoji.norman/Desktop/SOCIA/GSIM/lib/python3.10/site-packages/sbi/inference/trainers/base.py", line 411, in get_dataloaders
    train_loader = data.DataLoader(dataset, **train_loader_kwargs)
  File "/Users/miaoji.norman/Desktop/SOCIA/GSIM/lib/python3.10/site-packages/torch/utils/data/dataloader.py", line 382, in __init__
    batch_sampler = BatchSampler(sampler, batch_size, drop_last)
  File "/Users/miaoji.norman/Desktop/SOCIA/GSIM/lib/python3.10/site-packages/torch/utils/data/sampler.py", line 323, in __init__
    raise ValueError(
ValueError: batch_size should be a positive integer value, but got batch_size=0
